// Jest Snapshot v1, https://goo.gl/fbAQLP

exports[`withReview renders correctly when rating and review haven't been changed 1`] = `
<div>
  <span
    id="error"
  />
  <span
    id="review"
  >
    
  </span>
  <span
    id="rating"
  >
    0
  </span>
  <span
    id="isEnabled"
  >
    Disabled
  </span>
  <span
    id="minLength"
  >
    50
  </span>
  <span
    id="maxLength"
  >
    300
  </span>
  <span
    id="rating-change"
    onClick={[Function]}
  />
  <span
    id="review-change"
    onClick={[Function]}
  />
  <span
    id="review-submit"
    onClick={[Function]}
  />
</div>
`;
